Linear solve converged due to CONVERGED_ITS iterations 3
Number of iterations =   3
Residual norm = 2.25928
