 Number of BODIES (nbodies): 1 
   Number of SHELLS: 1 
   Number of FACES: 14 
   Number of LOOPS: 14 
   Number of EDGES: 26 
   Number of NODES: 14 
          LOOP ID: 1
            EDGE ID: 1
 Range = 0.009805, 0.990196, 0.000000, 0.000000 
              NODE ID: 1 
                 (x, y, z) = (-3.732071, -65.122507, -1.523202) 
              NODE ID: 2 
                 (x, y, z) = (-61.516928, -264.236200, -34.928953) 
            EDGE ID: 4
 Range = 5.236554, 8.378147, 0.000000, 0.000000 
              NODE ID: 1 
                 (x, y, z) = (-3.732071, -65.122507, -1.523202) 
              NODE ID: 4 
                 (x, y, z) = (3.718856, -65.122507, 2.784221) 
            EDGE ID: 3
 Range = 0.009805, 0.990196, 0.000000, 0.000000 
              NODE ID: 4 
                 (x, y, z) = (3.718856, -65.122507, 2.784221) 
              NODE ID: 3 
                 (x, y, z) = (61.503713, -264.236200, 36.189972) 
            EDGE ID: 2
 Range = 0.000000, 1.000000, 0.000000, 0.000000 
              NODE ID: 2 
                 (x, y, z) = (-61.516928, -264.236200, -34.928953) 
              NODE ID: 3 
                 (x, y, z) = (61.503713, -264.236200, 36.189972) 
          LOOP ID: 2
            EDGE ID: 5
 Range = 5.772275, 6.283185, 0.000000, 0.000000 
              NODE ID: 4 
                 (x, y, z) = (3.718856, -65.122507, 2.784221) 
              NODE ID: 5 
                 (x, y, z) = (3.544753, -64.352475, 2.683571) 
            EDGE ID: 4
 Range = 5.236554, 8.378147, 0.000000, 0.000000 
              NODE ID: 1 
                 (x, y, z) = (-3.732071, -65.122507, -1.523202) 
              NODE ID: 4 
                 (x, y, z) = (3.718856, -65.122507, 2.784221) 
            EDGE ID: 7
 Range = 5.772275, 6.283185, 0.000000, 0.000000 
              NODE ID: 1 
                 (x, y, z) = (-3.732071, -65.122507, -1.523202) 
              NODE ID: 6 
                 (x, y, z) = (-3.557968, -64.352475, -1.422552) 
            EDGE ID: 6
 Range = 0.000000, 3.141593, 0.000000, 0.000000 
              NODE ID: 6 
                 (x, y, z) = (-3.557968, -64.352475, -1.422552) 
              NODE ID: 5 
                 (x, y, z) = (3.544753, -64.352475, 2.683571) 
          LOOP ID: 3
            EDGE ID: 8
 Range = 0.000000, 0.785398, 0.000000, 0.000000 
              NODE ID: 5 
                 (x, y, z) = (3.544753, -64.352475, 2.683571) 
              NODE ID: 7 
                 (x, y, z) = (5.103397, -60.006031, 3.584632) 
            EDGE ID: 6
 Range = 0.000000, 3.141593, 0.000000, 0.000000 
              NODE ID: 6 
                 (x, y, z) = (-3.557968, -64.352475, -1.422552) 
              NODE ID: 5 
                 (x, y, z) = (3.544753, -64.352475, 2.683571) 
            EDGE ID: 10
 Range = 0.000000, 0.785398, 0.000000, 0.000000 
              NODE ID: 6 
                 (x, y, z) = (-3.557968, -64.352475, -1.422552) 
              NODE ID: 8 
                 (x, y, z) = (-5.116612, -60.006031, -2.323613) 
            EDGE ID: 9
 Range = 0.000000, 3.141593, 0.000000, 0.000000 
              NODE ID: 8 
                 (x, y, z) = (-5.116612, -60.006031, -2.323613) 
              NODE ID: 7 
                 (x, y, z) = (5.103397, -60.006031, 3.584632) 
          LOOP ID: 4
            EDGE ID: 11
 Range = 3.141593, 6.283185, 0.000000, 0.000000 
              NODE ID: 7 
                 (x, y, z) = (5.103397, -60.006031, 3.584632) 
              NODE ID: 8 
                 (x, y, z) = (-5.116612, -60.006031, -2.323613) 
            EDGE ID: 12
 Range = 0.129996, 6.629790, 0.000000, 0.000000 
              NODE ID: 7 
                 (x, y, z) = (5.103397, -60.006031, 3.584632) 
              NODE ID: 9 
                 (x, y, z) = (9.082390, -55.409982, 5.884910) 
            EDGE ID: 13
 Range = 3.141593, 6.283185, 0.000000, 0.000000 
              NODE ID: 9 
                 (x, y, z) = (9.082390, -55.409982, 5.884910) 
              NODE ID: 10 
                 (x, y, z) = (-9.095605, -55.409982, -4.623891) 
            EDGE ID: 14
 Range = 0.129996, 6.629790, 0.000000, 0.000000 
              NODE ID: 8 
                 (x, y, z) = (-5.116612, -60.006031, -2.323613) 
              NODE ID: 10 
                 (x, y, z) = (-9.095605, -55.409982, -4.623891) 
          LOOP ID: 5
            EDGE ID: 15
 Range = 3.141593, 6.283185, 0.000000, 0.000000 
              NODE ID: 11 
                 (x, y, z) = (10.647474, -51.045578, 6.789694) 
              NODE ID: 12 
                 (x, y, z) = (-10.660690, -51.045578, -5.528676) 
            EDGE ID: 16
 Range = 3.141593, 3.926991, 0.000000, 0.000000 
              NODE ID: 12 
                 (x, y, z) = (-10.660690, -51.045578, -5.528676) 
              NODE ID: 10 
                 (x, y, z) = (-9.095605, -55.409982, -4.623891) 
            EDGE ID: 13
 Range = 3.141593, 6.283185, 0.000000, 0.000000 
              NODE ID: 9 
                 (x, y, z) = (9.082390, -55.409982, 5.884910) 
              NODE ID: 10 
                 (x, y, z) = (-9.095605, -55.409982, -4.623891) 
            EDGE ID: 17
 Range = 3.141593, 3.926991, 0.000000, 0.000000 
              NODE ID: 11 
                 (x, y, z) = (10.647474, -51.045578, 6.789694) 
              NODE ID: 9 
                 (x, y, z) = (9.082390, -55.409982, 5.884910) 
          LOOP ID: 6
            EDGE ID: 18
 Range = 4.188224, 7.329817, 0.000000, 0.000000 
              NODE ID: 13 
                 (x, y, z) = (-10.660690, -20.650200, -5.528676) 
              NODE ID: 14 
                 (x, y, z) = (10.647474, -20.650200, 6.789694) 
            EDGE ID: 19
 Range = 47.315371, 77.710749, 0.000000, 0.000000 
              NODE ID: 13 
                 (x, y, z) = (-10.660690, -20.650200, -5.528676) 
              NODE ID: 12 
                 (x, y, z) = (-10.660690, -51.045578, -5.528676) 
            EDGE ID: 15
 Range = 3.141593, 6.283185, 0.000000, 0.000000 
              NODE ID: 11 
                 (x, y, z) = (10.647474, -51.045578, 6.789694) 
              NODE ID: 12 
                 (x, y, z) = (-10.660690, -51.045578, -5.528676) 
            EDGE ID: 20
 Range = 47.315371, 77.710749, 0.000000, 0.000000 
              NODE ID: 14 
                 (x, y, z) = (10.647474, -20.650200, 6.789694) 
              NODE ID: 11 
                 (x, y, z) = (10.647474, -51.045578, 6.789694) 
          LOOP ID: 7
            EDGE ID: 2
 Range = 0.000000, 1.000000, 0.000000, 0.000000 
              NODE ID: 2 
                 (x, y, z) = (-61.516928, -264.236200, -34.928953) 
              NODE ID: 3 
                 (x, y, z) = (61.503713, -264.236200, 36.189972) 
            EDGE ID: 21
 Range = 0.000000, 1.000000, 0.000000, 0.000000 
              NODE ID: 2 
                 (x, y, z) = (-61.516928, -264.236200, -34.928953) 
              NODE ID: 3 
                 (x, y, z) = (61.503713, -264.236200, 36.189972) 
          LOOP ID: 8
            EDGE ID: 21
 Range = 0.000000, 1.000000, 0.000000, 0.000000 
              NODE ID: 2 
                 (x, y, z) = (-61.516928, -264.236200, -34.928953) 
              NODE ID: 3 
                 (x, y, z) = (61.503713, -264.236200, 36.189972) 
            EDGE ID: 3
 Range = 0.009805, 0.990196, 0.000000, 0.000000 
              NODE ID: 4 
                 (x, y, z) = (3.718856, -65.122507, 2.784221) 
              NODE ID: 3 
                 (x, y, z) = (61.503713, -264.236200, 36.189972) 
            EDGE ID: 22
 Range = 2.094961, 5.236554, 0.000000, 0.000000 
              NODE ID: 4 
                 (x, y, z) = (3.718856, -65.122507, 2.784221) 
              NODE ID: 1 
                 (x, y, z) = (-3.732071, -65.122507, -1.523202) 
            EDGE ID: 1
 Range = 0.009805, 0.990196, 0.000000, 0.000000 
              NODE ID: 1 
                 (x, y, z) = (-3.732071, -65.122507, -1.523202) 
              NODE ID: 2 
                 (x, y, z) = (-61.516928, -264.236200, -34.928953) 
          LOOP ID: 9
            EDGE ID: 23
 Range = 3.141593, 6.283185, 0.000000, 0.000000 
              NODE ID: 5 
                 (x, y, z) = (3.544753, -64.352475, 2.683571) 
              NODE ID: 6 
                 (x, y, z) = (-3.557968, -64.352475, -1.422552) 
            EDGE ID: 7
 Range = 5.772275, 6.283185, 0.000000, 0.000000 
              NODE ID: 1 
                 (x, y, z) = (-3.732071, -65.122507, -1.523202) 
              NODE ID: 6 
                 (x, y, z) = (-3.557968, -64.352475, -1.422552) 
            EDGE ID: 22
 Range = 2.094961, 5.236554, 0.000000, 0.000000 
              NODE ID: 4 
                 (x, y, z) = (3.718856, -65.122507, 2.784221) 
              NODE ID: 1 
                 (x, y, z) = (-3.732071, -65.122507, -1.523202) 
            EDGE ID: 5
 Range = 5.772275, 6.283185, 0.000000, 0.000000 
              NODE ID: 4 
                 (x, y, z) = (3.718856, -65.122507, 2.784221) 
              NODE ID: 5 
                 (x, y, z) = (3.544753, -64.352475, 2.683571) 
          LOOP ID: 10
            EDGE ID: 11
 Range = 3.141593, 6.283185, 0.000000, 0.000000 
              NODE ID: 7 
                 (x, y, z) = (5.103397, -60.006031, 3.584632) 
              NODE ID: 8 
                 (x, y, z) = (-5.116612, -60.006031, -2.323613) 
            EDGE ID: 10
 Range = 0.000000, 0.785398, 0.000000, 0.000000 
              NODE ID: 6 
                 (x, y, z) = (-3.557968, -64.352475, -1.422552) 
              NODE ID: 8 
                 (x, y, z) = (-5.116612, -60.006031, -2.323613) 
            EDGE ID: 23
 Range = 3.141593, 6.283185, 0.000000, 0.000000 
              NODE ID: 5 
                 (x, y, z) = (3.544753, -64.352475, 2.683571) 
              NODE ID: 6 
                 (x, y, z) = (-3.557968, -64.352475, -1.422552) 
            EDGE ID: 8
 Range = 0.000000, 0.785398, 0.000000, 0.000000 
              NODE ID: 5 
                 (x, y, z) = (3.544753, -64.352475, 2.683571) 
              NODE ID: 7 
                 (x, y, z) = (5.103397, -60.006031, 3.584632) 
          LOOP ID: 11
            EDGE ID: 12
 Range = 0.129996, 6.629790, 0.000000, 0.000000 
              NODE ID: 7 
                 (x, y, z) = (5.103397, -60.006031, 3.584632) 
              NODE ID: 9 
                 (x, y, z) = (9.082390, -55.409982, 5.884910) 
            EDGE ID: 9
 Range = 0.000000, 3.141593, 0.000000, 0.000000 
              NODE ID: 8 
                 (x, y, z) = (-5.116612, -60.006031, -2.323613) 
              NODE ID: 7 
                 (x, y, z) = (5.103397, -60.006031, 3.584632) 
            EDGE ID: 14
 Range = 0.129996, 6.629790, 0.000000, 0.000000 
              NODE ID: 8 
                 (x, y, z) = (-5.116612, -60.006031, -2.323613) 
              NODE ID: 10 
                 (x, y, z) = (-9.095605, -55.409982, -4.623891) 
            EDGE ID: 24
 Range = 0.000000, 3.141593, 0.000000, 0.000000 
              NODE ID: 10 
                 (x, y, z) = (-9.095605, -55.409982, -4.623891) 
              NODE ID: 9 
                 (x, y, z) = (9.082390, -55.409982, 5.884910) 
          LOOP ID: 12
            EDGE ID: 16
 Range = 3.141593, 3.926991, 0.000000, 0.000000 
              NODE ID: 12 
                 (x, y, z) = (-10.660690, -51.045578, -5.528676) 
              NODE ID: 10 
                 (x, y, z) = (-9.095605, -55.409982, -4.623891) 
            EDGE ID: 25
 Range = 0.000000, 3.141593, 0.000000, 0.000000 
              NODE ID: 12 
                 (x, y, z) = (-10.660690, -51.045578, -5.528676) 
              NODE ID: 11 
                 (x, y, z) = (10.647474, -51.045578, 6.789694) 
            EDGE ID: 17
 Range = 3.141593, 3.926991, 0.000000, 0.000000 
              NODE ID: 11 
                 (x, y, z) = (10.647474, -51.045578, 6.789694) 
              NODE ID: 9 
                 (x, y, z) = (9.082390, -55.409982, 5.884910) 
            EDGE ID: 24
 Range = 0.000000, 3.141593, 0.000000, 0.000000 
              NODE ID: 10 
                 (x, y, z) = (-9.095605, -55.409982, -4.623891) 
              NODE ID: 9 
                 (x, y, z) = (9.082390, -55.409982, 5.884910) 
          LOOP ID: 13
            EDGE ID: 19
 Range = 47.315371, 77.710749, 0.000000, 0.000000 
              NODE ID: 13 
                 (x, y, z) = (-10.660690, -20.650200, -5.528676) 
              NODE ID: 12 
                 (x, y, z) = (-10.660690, -51.045578, -5.528676) 
            EDGE ID: 26
 Range = 1.046631, 4.188224, 0.000000, 0.000000 
              NODE ID: 14 
                 (x, y, z) = (10.647474, -20.650200, 6.789694) 
              NODE ID: 13 
                 (x, y, z) = (-10.660690, -20.650200, -5.528676) 
            EDGE ID: 20
 Range = 47.315371, 77.710749, 0.000000, 0.000000 
              NODE ID: 14 
                 (x, y, z) = (10.647474, -20.650200, 6.789694) 
              NODE ID: 11 
                 (x, y, z) = (10.647474, -51.045578, 6.789694) 
            EDGE ID: 25
 Range = 0.000000, 3.141593, 0.000000, 0.000000 
              NODE ID: 12 
                 (x, y, z) = (-10.660690, -51.045578, -5.528676) 
              NODE ID: 11 
                 (x, y, z) = (10.647474, -51.045578, 6.789694) 
          LOOP ID: 14
            EDGE ID: 18
 Range = 4.188224, 7.329817, 0.000000, 0.000000 
              NODE ID: 13 
                 (x, y, z) = (-10.660690, -20.650200, -5.528676) 
              NODE ID: 14 
                 (x, y, z) = (10.647474, -20.650200, 6.789694) 
            EDGE ID: 26
 Range = 1.046631, 4.188224, 0.000000, 0.000000 
              NODE ID: 14 
                 (x, y, z) = (10.647474, -20.650200, 6.789694) 
              NODE ID: 13 
                 (x, y, z) = (-10.660690, -20.650200, -5.528676) 

PLEX Input Array Checkouts
 Total Number of Unique Cells    = 100 (86)
 Total Number of Unique Vertices = 52 (38) 
    Node ID = 1 (0)
      (x,y,z) = (-3.732071, -65.122507, -1.523202) 
 
    Node ID = 2 (1)
      (x,y,z) = (-61.516928, -264.236200, -34.928953) 
 
    Node ID = 3 (2)
      (x,y,z) = (61.503713, -264.236200, 36.189972) 
 
    Node ID = 4 (3)
      (x,y,z) = (3.718856, -65.122507, 2.784221) 
 
    Node ID = 5 (4)
      (x,y,z) = (3.544753, -64.352475, 2.683571) 
 
    Node ID = 6 (5)
      (x,y,z) = (-3.557968, -64.352475, -1.422552) 
 
    Node ID = 7 (6)
      (x,y,z) = (5.103397, -60.006031, 3.584632) 
 
    Node ID = 8 (7)
      (x,y,z) = (-5.116612, -60.006031, -2.323613) 
 
    Node ID = 9 (8)
      (x,y,z) = (9.082390, -55.409982, 5.884910) 
 
    Node ID = 10 (9)
      (x,y,z) = (-9.095605, -55.409982, -4.623891) 
 
    Node ID = 11 (10)
      (x,y,z) = (10.647474, -51.045578, 6.789694) 
 
    Node ID = 12 (11)
      (x,y,z) = (-10.660690, -51.045578, -5.528676) 
 
    Node ID = 13 (12)
      (x,y,z) = (-10.660690, -20.650200, -5.528676) 
 
    Node ID = 14 (13)
      (x,y,z) = (10.647474, -20.650200, 6.789694) 
 
    Edge ID = 1 (14) 
      (x,y,z) = (-41.496691, -161.282814, -23.355141)
      between (-3.732071, -65.122507, -1.523202) and (-61.516928, -264.236200, -34.928953)

    Edge ID = 4 (15) 
      (x,y,z) = (2.147104, -65.122507, -3.094954)
      between (-3.732071, -65.122507, -1.523202) and (3.718856, -65.122507, 2.784221)

    Edge ID = 3 (16) 
      (x,y,z) = (41.483476, -161.282814, 24.616160)
      between (3.718856, -65.122507, 2.784221) and (61.503713, -264.236200, 36.189972)

    Edge ID = 2 (17) 
      (x,y,z) = (35.552855, -264.236200, -60.879811)
      between (-61.516928, -264.236200, -34.928953) and (61.503713, -264.236200, 36.189972)

    Face ID = 0 (40) 
      (x,y,z) = (23.979043, -161.282814, -40.859574) 
 
    Edge ID = 5 (18) 
      (x,y,z) = (3.588997, -64.750404, 2.709148)
      between (3.718856, -65.122507, 2.784221) and (3.544753, -64.352475, 2.683571)

    Edge ID = 7 (19) 
      (x,y,z) = (-3.602212, -64.750404, -1.448130)
      between (-3.732071, -65.122507, -1.523202) and (-3.557968, -64.352475, -1.422552)

    Edge ID = 6 (20) 
      (x,y,z) = (2.046454, -64.352475, -2.920851)
      between (-3.557968, -64.352475, -1.422552) and (3.544753, -64.352475, 2.683571)

    Face ID = 1 (41) 
      (x,y,z) = (2.072031, -64.750404, -2.965095) 
 
    Edge ID = 8 (21) 
      (x,y,z) = (3.949831, -62.000196, 2.917749)
      between (3.544753, -64.352475, 2.683571) and (5.103397, -60.006031, 3.584632)

    Edge ID = 10 (22) 
      (x,y,z) = (-3.963047, -62.000196, -1.656730)
      between (-3.557968, -64.352475, -1.422552) and (-5.116612, -60.006031, -2.323613)

    Edge ID = 9 (23) 
      (x,y,z) = (2.947515, -60.006031, -4.479495)
      between (-5.116612, -60.006031, -2.323613) and (5.103397, -60.006031, 3.584632)

    Face ID = 2 (42) 
      (x,y,z) = (2.280632, -62.000196, -3.325930) 
 
    Edge ID = 11 (24) 
      (x,y,z) = (-2.960730, -60.006031, 5.740514)
      between (5.103397, -60.006031, 3.584632) and (-5.116612, -60.006031, -2.323613)

    Edge ID = 12 (25) 
      (x,y,z) = (7.092893, -57.708007, 4.734771)
      between (5.103397, -60.006031, 3.584632) and (9.082390, -55.409982, 5.884910)

    Edge ID = 13 (26) 
      (x,y,z) = (-5.261008, -55.409982, 9.719507)
      between (9.082390, -55.409982, 5.884910) and (-9.095605, -55.409982, -4.623891)

    Edge ID = 14 (27) 
      (x,y,z) = (-7.106109, -57.708007, -3.473752)
      between (-5.116612, -60.006031, -2.323613) and (-9.095605, -55.409982, -4.623891)

    Face ID = 3 (43) 
      (x,y,z) = (-4.110869, -57.708007, 7.730010) 
 
    Edge ID = 15 (28) 
      (x,y,z) = (-6.165792, -51.045578, 11.284591)
      between (10.647474, -51.045578, 6.789694) and (-10.660690, -51.045578, -5.528676)

    Edge ID = 16 (29) 
      (x,y,z) = (-10.253937, -53.407577, -5.293530)
      between (-10.660690, -51.045578, -5.528676) and (-9.095605, -55.409982, -4.623891)

    Edge ID = 17 (30) 
      (x,y,z) = (10.240722, -53.407577, 6.554548)
      between (10.647474, -51.045578, 6.789694) and (9.082390, -55.409982, 5.884910)

    Face ID = 4 (44) 
      (x,y,z) = (-5.930647, -53.407577, 10.877839) 
 
    Edge ID = 18 (31) 
      (x,y,z) = (-6.165792, -20.650200, 11.284591)
      between (-10.660690, -20.650200, -5.528676) and (10.647474, -20.650200, 6.789694)

    Edge ID = 19 (32) 
      (x,y,z) = (-10.660690, -35.847889, -5.528676)
      between (-10.660690, -20.650200, -5.528676) and (-10.660690, -51.045578, -5.528676)

    Edge ID = 20 (33) 
      (x,y,z) = (10.647474, -35.847889, 6.789694)
      between (10.647474, -20.650200, 6.789694) and (10.647474, -51.045578, 6.789694)

    Face ID = 5 (45) 
      (x,y,z) = (-6.165792, -35.847889, 11.284591) 
 
    Edge ID = 21 (34) 
      (x,y,z) = (-35.566070, -264.236200, 62.140830)
      between (-61.516928, -264.236200, -34.928953) and (61.503713, -264.236200, 36.189972)

    Edge ID = 22 (35) 
      (x,y,z) = (-2.160319, -65.122507, 4.355973)
      between (3.718856, -65.122507, 2.784221) and (-3.732071, -65.122507, -1.523202)

    Face ID = 7 (46) 
      (x,y,z) = (-23.992258, -161.282814, 42.120593) 
 
    Edge ID = 23 (36) 
      (x,y,z) = (-2.059669, -64.352475, 4.181870)
      between (3.544753, -64.352475, 2.683571) and (-3.557968, -64.352475, -1.422552)

    Face ID = 8 (47) 
      (x,y,z) = (-2.085247, -64.750404, 4.226113) 
 
    Face ID = 9 (48) 
      (x,y,z) = (-2.293847, -62.000196, 4.586948) 
 
    Edge ID = 24 (37) 
      (x,y,z) = (5.247793, -55.409982, -8.458488)
      between (-9.095605, -55.409982, -4.623891) and (9.082390, -55.409982, 5.884910)

    Face ID = 10 (49) 
      (x,y,z) = (4.097654, -57.708007, -6.468992) 
 
    Edge ID = 25 (38) 
      (x,y,z) = (6.152577, -51.045578, -10.023573)
      between (-10.660690, -51.045578, -5.528676) and (10.647474, -51.045578, 6.789694)

    Face ID = 11 (50) 
      (x,y,z) = (5.917431, -53.407577, -9.616821) 
 
    Edge ID = 26 (39) 
      (x,y,z) = (6.152577, -20.650200, -10.023573)
      between (10.647474, -20.650200, 6.789694) and (-10.660690, -20.650200, -5.528676)

    Face ID = 12 (51) 
      (x,y,z) = (6.152577, -35.847889, -10.023573) 
 
    LOOP ID: 1 
      EDGE ID: 1 
      EDGE ID: 4 
      EDGE ID: 3 
      EDGE ID: 2 
      LOOP Corner NODEs Triangle 0 (1, 14, 17)
      LOOP Corner NODEs Triangle 1 (14, 0, 15)
      LOOP Corner NODEs Triangle 2 (15, 3, 16)
      LOOP Corner NODEs Triangle 3 (16, 2, 17)
      LOOP Corner NODEs Triangle 4 (40, 14, 15)
      LOOP Corner NODEs Triangle 5 (40, 15, 16)
      LOOP Corner NODEs Triangle 6 (40, 16, 17)
      LOOP Corner NODEs Triangle 7 (40, 17, 14)
    LOOP ID: 2 
      EDGE ID: 5 
      EDGE ID: 4 
      EDGE ID: 7 
      EDGE ID: 6 
      LOOP Corner NODEs Triangle 0 (4, 18, 20)
      LOOP Corner NODEs Triangle 1 (18, 3, 15)
      LOOP Corner NODEs Triangle 2 (15, 0, 19)
      LOOP Corner NODEs Triangle 3 (19, 5, 20)
      LOOP Corner NODEs Triangle 4 (41, 18, 15)
      LOOP Corner NODEs Triangle 5 (41, 15, 19)
      LOOP Corner NODEs Triangle 6 (41, 19, 20)
      LOOP Corner NODEs Triangle 7 (41, 20, 18)
    LOOP ID: 3 
      EDGE ID: 8 
      EDGE ID: 6 
      EDGE ID: 10 
      EDGE ID: 9 
      LOOP Corner NODEs Triangle 0 (6, 21, 23)
      LOOP Corner NODEs Triangle 1 (21, 4, 20)
      LOOP Corner NODEs Triangle 2 (20, 5, 22)
      LOOP Corner NODEs Triangle 3 (22, 7, 23)
      LOOP Corner NODEs Triangle 4 (42, 21, 20)
      LOOP Corner NODEs Triangle 5 (42, 20, 22)
      LOOP Corner NODEs Triangle 6 (42, 22, 23)
      LOOP Corner NODEs Triangle 7 (42, 23, 21)
    LOOP ID: 4 
      EDGE ID: 11 
      EDGE ID: 12 
      EDGE ID: 13 
      EDGE ID: 14 
      LOOP Corner NODEs Triangle 0 (7, 24, 27)
      LOOP Corner NODEs Triangle 1 (24, 6, 25)
      LOOP Corner NODEs Triangle 2 (25, 8, 26)
      LOOP Corner NODEs Triangle 3 (26, 9, 27)
      LOOP Corner NODEs Triangle 4 (43, 24, 25)
      LOOP Corner NODEs Triangle 5 (43, 25, 26)
      LOOP Corner NODEs Triangle 6 (43, 26, 27)
      LOOP Corner NODEs Triangle 7 (43, 27, 24)
    LOOP ID: 5 
      EDGE ID: 15 
      EDGE ID: 16 
      EDGE ID: 13 
      EDGE ID: 17 
      LOOP Corner NODEs Triangle 0 (10, 28, 30)
      LOOP Corner NODEs Triangle 1 (28, 11, 29)
      LOOP Corner NODEs Triangle 2 (29, 9, 26)
      LOOP Corner NODEs Triangle 3 (26, 8, 30)
      LOOP Corner NODEs Triangle 4 (44, 28, 29)
      LOOP Corner NODEs Triangle 5 (44, 29, 26)
      LOOP Corner NODEs Triangle 6 (44, 26, 30)
      LOOP Corner NODEs Triangle 7 (44, 30, 28)
    LOOP ID: 6 
      EDGE ID: 18 
      EDGE ID: 19 
      EDGE ID: 15 
      EDGE ID: 20 
      LOOP Corner NODEs Triangle 0 (13, 31, 33)
      LOOP Corner NODEs Triangle 1 (31, 12, 32)
      LOOP Corner NODEs Triangle 2 (32, 11, 28)
      LOOP Corner NODEs Triangle 3 (28, 10, 33)
      LOOP Corner NODEs Triangle 4 (45, 31, 32)
      LOOP Corner NODEs Triangle 5 (45, 32, 28)
      LOOP Corner NODEs Triangle 6 (45, 28, 33)
      LOOP Corner NODEs Triangle 7 (45, 33, 31)
    LOOP ID: 7 
      EDGE ID: 2 
      EDGE ID: 21 
      LOOP Corner NODEs Triangle 0 (1, 17, 2)
      LOOP Corner NODEs Triangle 1 (1, 2, 34)
    LOOP ID: 8 
      EDGE ID: 21 
      EDGE ID: 3 
      EDGE ID: 22 
      EDGE ID: 1 
      LOOP Corner NODEs Triangle 0 (1, 34, 14)
      LOOP Corner NODEs Triangle 1 (34, 2, 16)
      LOOP Corner NODEs Triangle 2 (16, 3, 35)
      LOOP Corner NODEs Triangle 3 (35, 0, 14)
      LOOP Corner NODEs Triangle 4 (46, 34, 16)
      LOOP Corner NODEs Triangle 5 (46, 16, 35)
      LOOP Corner NODEs Triangle 6 (46, 35, 14)
      LOOP Corner NODEs Triangle 7 (46, 14, 34)
    LOOP ID: 9 
      EDGE ID: 23 
      EDGE ID: 7 
      EDGE ID: 22 
      EDGE ID: 5 
      LOOP Corner NODEs Triangle 0 (4, 36, 18)
      LOOP Corner NODEs Triangle 1 (36, 5, 19)
      LOOP Corner NODEs Triangle 2 (19, 0, 35)
      LOOP Corner NODEs Triangle 3 (35, 3, 18)
      LOOP Corner NODEs Triangle 4 (47, 36, 19)
      LOOP Corner NODEs Triangle 5 (47, 19, 35)
      LOOP Corner NODEs Triangle 6 (47, 35, 18)
      LOOP Corner NODEs Triangle 7 (47, 18, 36)
    LOOP ID: 10 
      EDGE ID: 11 
      EDGE ID: 10 
      EDGE ID: 23 
      EDGE ID: 8 
      LOOP Corner NODEs Triangle 0 (6, 24, 21)
      LOOP Corner NODEs Triangle 1 (24, 7, 22)
      LOOP Corner NODEs Triangle 2 (22, 5, 36)
      LOOP Corner NODEs Triangle 3 (36, 4, 21)
      LOOP Corner NODEs Triangle 4 (48, 24, 22)
      LOOP Corner NODEs Triangle 5 (48, 22, 36)
      LOOP Corner NODEs Triangle 6 (48, 36, 21)
      LOOP Corner NODEs Triangle 7 (48, 21, 24)
    LOOP ID: 11 
      EDGE ID: 12 
      EDGE ID: 9 
      EDGE ID: 14 
      EDGE ID: 24 
      LOOP Corner NODEs Triangle 0 (8, 25, 37)
      LOOP Corner NODEs Triangle 1 (25, 6, 23)
      LOOP Corner NODEs Triangle 2 (23, 7, 27)
      LOOP Corner NODEs Triangle 3 (27, 9, 37)
      LOOP Corner NODEs Triangle 4 (49, 25, 23)
      LOOP Corner NODEs Triangle 5 (49, 23, 27)
      LOOP Corner NODEs Triangle 6 (49, 27, 37)
      LOOP Corner NODEs Triangle 7 (49, 37, 25)
    LOOP ID: 12 
      EDGE ID: 16 
      EDGE ID: 25 
      EDGE ID: 17 
      EDGE ID: 24 
      LOOP Corner NODEs Triangle 0 (9, 29, 37)
      LOOP Corner NODEs Triangle 1 (29, 11, 38)
      LOOP Corner NODEs Triangle 2 (38, 10, 30)
      LOOP Corner NODEs Triangle 3 (30, 8, 37)
      LOOP Corner NODEs Triangle 4 (50, 29, 38)
      LOOP Corner NODEs Triangle 5 (50, 38, 30)
      LOOP Corner NODEs Triangle 6 (50, 30, 37)
      LOOP Corner NODEs Triangle 7 (50, 37, 29)
    LOOP ID: 13 
      EDGE ID: 19 
      EDGE ID: 26 
      EDGE ID: 20 
      EDGE ID: 25 
      LOOP Corner NODEs Triangle 0 (11, 32, 38)
      LOOP Corner NODEs Triangle 1 (32, 12, 39)
      LOOP Corner NODEs Triangle 2 (39, 13, 33)
      LOOP Corner NODEs Triangle 3 (33, 10, 38)
      LOOP Corner NODEs Triangle 4 (51, 32, 39)
      LOOP Corner NODEs Triangle 5 (51, 39, 33)
      LOOP Corner NODEs Triangle 6 (51, 33, 38)
      LOOP Corner NODEs Triangle 7 (51, 38, 32)
    LOOP ID: 14 
      EDGE ID: 18 
      EDGE ID: 26 
      LOOP Corner NODEs Triangle 0 (12, 31, 13)
      LOOP Corner NODEs Triangle 1 (12, 13, 39)
Label 'EGADS Body ID':
[0]: 0 (0)
[0]: 1 (0)
[0]: 2 (0)
[0]: 3 (0)
[0]: 4 (0)
[0]: 5 (0)
[0]: 6 (0)
[0]: 7 (0)
[0]: 8 (0)
[0]: 9 (0)
[0]: 10 (0)
[0]: 11 (0)
[0]: 12 (0)
[0]: 13 (0)
[0]: 14 (0)
[0]: 15 (0)
[0]: 16 (0)
[0]: 17 (0)
[0]: 18 (0)
[0]: 19 (0)
[0]: 20 (0)
[0]: 21 (0)
[0]: 22 (0)
[0]: 23 (0)
[0]: 24 (0)
[0]: 25 (0)
[0]: 26 (0)
[0]: 27 (0)
[0]: 28 (0)
[0]: 29 (0)
[0]: 30 (0)
[0]: 31 (0)
[0]: 32 (0)
[0]: 33 (0)
[0]: 34 (0)
[0]: 35 (0)
[0]: 36 (0)
[0]: 37 (0)
[0]: 38 (0)
[0]: 39 (0)
[0]: 40 (0)
[0]: 41 (0)
[0]: 42 (0)
[0]: 43 (0)
[0]: 44 (0)
[0]: 45 (0)
[0]: 46 (0)
[0]: 47 (0)
[0]: 48 (0)
[0]: 49 (0)
[0]: 50 (0)
[0]: 51 (0)
[0]: 52 (0)
[0]: 53 (0)
[0]: 54 (0)
[0]: 55 (0)
[0]: 56 (0)
[0]: 57 (0)
[0]: 58 (0)
[0]: 59 (0)
[0]: 60 (0)
[0]: 61 (0)
[0]: 62 (0)
[0]: 63 (0)
[0]: 64 (0)
[0]: 65 (0)
[0]: 66 (0)
[0]: 67 (0)
[0]: 68 (0)
[0]: 69 (0)
[0]: 70 (0)
[0]: 71 (0)
[0]: 72 (0)
[0]: 73 (0)
[0]: 74 (0)
[0]: 75 (0)
[0]: 76 (0)
[0]: 77 (0)
[0]: 78 (0)
[0]: 79 (0)
[0]: 80 (0)
[0]: 81 (0)
[0]: 82 (0)
[0]: 83 (0)
[0]: 84 (0)
[0]: 85 (0)
[0]: 86 (0)
[0]: 87 (0)
[0]: 88 (0)
[0]: 89 (0)
[0]: 90 (0)
[0]: 91 (0)
[0]: 92 (0)
[0]: 93 (0)
[0]: 94 (0)
[0]: 95 (0)
[0]: 96 (0)
[0]: 97 (0)
[0]: 98 (0)
[0]: 99 (0)
[0]: 100 (0)
[0]: 101 (0)
[0]: 102 (0)
[0]: 103 (0)
[0]: 104 (0)
[0]: 105 (0)
[0]: 106 (0)
[0]: 107 (0)
[0]: 108 (0)
[0]: 109 (0)
[0]: 110 (0)
[0]: 111 (0)
[0]: 112 (0)
[0]: 113 (0)
[0]: 114 (0)
[0]: 115 (0)
[0]: 116 (0)
[0]: 117 (0)
[0]: 118 (0)
[0]: 119 (0)
[0]: 120 (0)
[0]: 121 (0)
[0]: 122 (0)
[0]: 123 (0)
[0]: 124 (0)
[0]: 125 (0)
[0]: 126 (0)
[0]: 127 (0)
[0]: 128 (0)
[0]: 129 (0)
[0]: 130 (0)
[0]: 131 (0)
[0]: 132 (0)
[0]: 133 (0)
[0]: 134 (0)
[0]: 135 (0)
[0]: 136 (0)
[0]: 137 (0)
[0]: 138 (0)
[0]: 139 (0)
[0]: 140 (0)
[0]: 141 (0)
[0]: 142 (0)
[0]: 143 (0)
[0]: 144 (0)
[0]: 145 (0)
[0]: 146 (0)
[0]: 147 (0)
[0]: 148 (0)
[0]: 149 (0)
[0]: 150 (0)
[0]: 151 (0)
[0]: 152 (0)
[0]: 153 (0)
[0]: 154 (0)
[0]: 155 (0)
[0]: 156 (0)
[0]: 157 (0)
[0]: 158 (0)
[0]: 159 (0)
[0]: 160 (0)
[0]: 161 (0)
[0]: 162 (0)
[0]: 163 (0)
[0]: 164 (0)
[0]: 165 (0)
[0]: 166 (0)
[0]: 167 (0)
[0]: 168 (0)
[0]: 169 (0)
[0]: 170 (0)
[0]: 171 (0)
[0]: 172 (0)
[0]: 173 (0)
[0]: 174 (0)
[0]: 175 (0)
[0]: 176 (0)
[0]: 177 (0)
[0]: 178 (0)
[0]: 179 (0)
[0]: 180 (0)
[0]: 181 (0)
[0]: 182 (0)
[0]: 183 (0)
[0]: 184 (0)
[0]: 185 (0)
[0]: 186 (0)
[0]: 187 (0)
[0]: 188 (0)
[0]: 189 (0)
[0]: 190 (0)
[0]: 191 (0)
[0]: 192 (0)
[0]: 193 (0)
[0]: 194 (0)
[0]: 195 (0)
[0]: 196 (0)
[0]: 197 (0)
[0]: 198 (0)
[0]: 199 (0)
[0]: 200 (0)
[0]: 201 (0)
[0]: 202 (0)
[0]: 203 (0)
[0]: 204 (0)
[0]: 205 (0)
[0]: 206 (0)
[0]: 207 (0)
[0]: 208 (0)
[0]: 209 (0)
[0]: 210 (0)
[0]: 211 (0)
[0]: 212 (0)
[0]: 213 (0)
[0]: 214 (0)
[0]: 215 (0)
[0]: 216 (0)
[0]: 217 (0)
[0]: 218 (0)
[0]: 219 (0)
[0]: 220 (0)
[0]: 221 (0)
[0]: 222 (0)
[0]: 223 (0)
[0]: 224 (0)
[0]: 225 (0)
[0]: 226 (0)
[0]: 227 (0)
[0]: 228 (0)
[0]: 229 (0)
[0]: 230 (0)
[0]: 231 (0)
[0]: 232 (0)
[0]: 233 (0)
[0]: 234 (0)
[0]: 235 (0)
[0]: 236 (0)
[0]: 237 (0)
[0]: 238 (0)
[0]: 239 (0)
[0]: 240 (0)
[0]: 241 (0)
[0]: 242 (0)
[0]: 243 (0)
[0]: 244 (0)
[0]: 245 (0)
[0]: 246 (0)
[0]: 247 (0)
[0]: 248 (0)
[0]: 249 (0)
[0]: 250 (0)
[0]: 251 (0)
[0]: 252 (0)
[0]: 253 (0)
[0]: 254 (0)
[0]: 255 (0)
[0]: 256 (0)
[0]: 257 (0)
[0]: 258 (0)
[0]: 259 (0)
[0]: 260 (0)
[0]: 261 (0)
[0]: 262 (0)
[0]: 263 (0)
[0]: 264 (0)
[0]: 265 (0)
[0]: 266 (0)
[0]: 267 (0)
[0]: 268 (0)
[0]: 269 (0)
[0]: 270 (0)
[0]: 271 (0)
[0]: 272 (0)
[0]: 273 (0)
[0]: 274 (0)
[0]: 275 (0)
[0]: 276 (0)
[0]: 277 (0)
[0]: 278 (0)
[0]: 279 (0)
[0]: 280 (0)
[0]: 281 (0)
[0]: 282 (0)
[0]: 283 (0)
[0]: 284 (0)
[0]: 285 (0)
[0]: 286 (0)
[0]: 287 (0)
[0]: 288 (0)
[0]: 289 (0)
[0]: 290 (0)
[0]: 291 (0)
[0]: 292 (0)
[0]: 293 (0)
[0]: 294 (0)
[0]: 295 (0)
[0]: 296 (0)
[0]: 297 (0)
[0]: 298 (0)
[0]: 299 (0)
[0]: 300 (0)
[0]: 301 (0)
Label 'EGADS Face ID':
[0]: 0 (1)
[0]: 1 (1)
[0]: 2 (1)
[0]: 3 (1)
[0]: 4 (1)
[0]: 5 (1)
[0]: 6 (1)
[0]: 7 (1)
[0]: 100 (1)
[0]: 101 (1)
[0]: 102 (1)
[0]: 103 (1)
[0]: 114 (1)
[0]: 115 (1)
[0]: 116 (1)
[0]: 117 (1)
[0]: 140 (1)
[0]: 152 (1)
[0]: 153 (1)
[0]: 154 (1)
[0]: 155 (1)
[0]: 156 (1)
[0]: 157 (1)
[0]: 158 (1)
[0]: 159 (1)
[0]: 160 (1)
[0]: 161 (1)
[0]: 162 (1)
[0]: 163 (1)
[0]: 164 (1)
[0]: 165 (1)
[0]: 166 (1)
[0]: 167 (1)
[0]: 8 (2)
[0]: 9 (2)
[0]: 10 (2)
[0]: 11 (2)
[0]: 12 (2)
[0]: 13 (2)
[0]: 14 (2)
[0]: 15 (2)
[0]: 100 (2)
[0]: 103 (2)
[0]: 104 (2)
[0]: 105 (2)
[0]: 115 (2)
[0]: 118 (2)
[0]: 119 (2)
[0]: 120 (2)
[0]: 141 (2)
[0]: 156 (2)
[0]: 158 (2)
[0]: 168 (2)
[0]: 169 (2)
[0]: 170 (2)
[0]: 171 (2)
[0]: 172 (2)
[0]: 173 (2)
[0]: 174 (2)
[0]: 175 (2)
[0]: 176 (2)
[0]: 177 (2)
[0]: 178 (2)
[0]: 179 (2)
[0]: 180 (2)
[0]: 181 (2)
[0]: 16 (3)
[0]: 17 (3)
[0]: 18 (3)
[0]: 19 (3)
[0]: 20 (3)
[0]: 21 (3)
[0]: 22 (3)
[0]: 23 (3)
[0]: 104 (3)
[0]: 105 (3)
[0]: 106 (3)
[0]: 107 (3)
[0]: 120 (3)
[0]: 121 (3)
[0]: 122 (3)
[0]: 123 (3)
[0]: 142 (3)
[0]: 170 (3)
[0]: 176 (3)
[0]: 182 (3)
[0]: 183 (3)
[0]: 184 (3)
[0]: 185 (3)
[0]: 186 (3)
[0]: 187 (3)
[0]: 188 (3)
[0]: 189 (3)
[0]: 190 (3)
[0]: 191 (3)
[0]: 192 (3)
[0]: 193 (3)
[0]: 194 (3)
[0]: 195 (3)
[0]: 24 (4)
[0]: 25 (4)
[0]: 26 (4)
[0]: 27 (4)
[0]: 28 (4)
[0]: 29 (4)
[0]: 30 (4)
[0]: 31 (4)
[0]: 106 (4)
[0]: 107 (4)
[0]: 108 (4)
[0]: 109 (4)
[0]: 124 (4)
[0]: 125 (4)
[0]: 126 (4)
[0]: 127 (4)
[0]: 143 (4)
[0]: 196 (4)
[0]: 197 (4)
[0]: 198 (4)
[0]: 199 (4)
[0]: 200 (4)
[0]: 201 (4)
[0]: 202 (4)
[0]: 203 (4)
[0]: 204 (4)
[0]: 205 (4)
[0]: 206 (4)
[0]: 207 (4)
[0]: 208 (4)
[0]: 209 (4)
[0]: 210 (4)
[0]: 211 (4)
[0]: 32 (5)
[0]: 33 (5)
[0]: 34 (5)
[0]: 35 (5)
[0]: 36 (5)
[0]: 37 (5)
[0]: 38 (5)
[0]: 39 (5)
[0]: 108 (5)
[0]: 109 (5)
[0]: 110 (5)
[0]: 111 (5)
[0]: 126 (5)
[0]: 128 (5)
[0]: 129 (5)
[0]: 130 (5)
[0]: 144 (5)
[0]: 203 (5)
[0]: 205 (5)
[0]: 212 (5)
[0]: 213 (5)
[0]: 214 (5)
[0]: 215 (5)
[0]: 216 (5)
[0]: 217 (5)
[0]: 218 (5)
[0]: 219 (5)
[0]: 220 (5)
[0]: 221 (5)
[0]: 222 (5)
[0]: 223 (5)
[0]: 224 (5)
[0]: 225 (5)
[0]: 40 (6)
[0]: 41 (6)
[0]: 42 (6)
[0]: 43 (6)
[0]: 44 (6)
[0]: 45 (6)
[0]: 46 (6)
[0]: 47 (6)
[0]: 110 (6)
[0]: 111 (6)
[0]: 112 (6)
[0]: 113 (6)
[0]: 128 (6)
[0]: 131 (6)
[0]: 132 (6)
[0]: 133 (6)
[0]: 145 (6)
[0]: 212 (6)
[0]: 215 (6)
[0]: 226 (6)
[0]: 227 (6)
[0]: 228 (6)
[0]: 229 (6)
[0]: 230 (6)
[0]: 231 (6)
[0]: 232 (6)
[0]: 233 (6)
[0]: 234 (6)
[0]: 235 (6)
[0]: 236 (6)
[0]: 237 (6)
[0]: 238 (6)
[0]: 239 (6)
[0]: 48 (7)
[0]: 49 (7)
[0]: 101 (7)
[0]: 102 (7)
[0]: 117 (7)
[0]: 134 (7)
[0]: 154 (7)
[0]: 162 (7)
[0]: 240 (7)
[0]: 241 (7)
[0]: 242 (7)
[0]: 50 (8)
[0]: 51 (8)
[0]: 52 (8)
[0]: 53 (8)
[0]: 54 (8)
[0]: 55 (8)
[0]: 56 (8)
[0]: 57 (8)
[0]: 100 (8)
[0]: 101 (8)
[0]: 102 (8)
[0]: 103 (8)
[0]: 114 (8)
[0]: 116 (8)
[0]: 134 (8)
[0]: 135 (8)
[0]: 146 (8)
[0]: 152 (8)
[0]: 155 (8)
[0]: 159 (8)
[0]: 161 (8)
[0]: 241 (8)
[0]: 242 (8)
[0]: 243 (8)
[0]: 244 (8)
[0]: 245 (8)
[0]: 246 (8)
[0]: 247 (8)
[0]: 248 (8)
[0]: 249 (8)
[0]: 250 (8)
[0]: 251 (8)
[0]: 252 (8)
[0]: 58 (9)
[0]: 59 (9)
[0]: 60 (9)
[0]: 61 (9)
[0]: 62 (9)
[0]: 63 (9)
[0]: 64 (9)
[0]: 65 (9)
[0]: 100 (9)
[0]: 103 (9)
[0]: 104 (9)
[0]: 105 (9)
[0]: 118 (9)
[0]: 119 (9)
[0]: 135 (9)
[0]: 136 (9)
[0]: 147 (9)
[0]: 168 (9)
[0]: 171 (9)
[0]: 173 (9)
[0]: 175 (9)
[0]: 245 (9)
[0]: 247 (9)
[0]: 253 (9)
[0]: 254 (9)
[0]: 255 (9)
[0]: 256 (9)
[0]: 257 (9)
[0]: 258 (9)
[0]: 259 (9)
[0]: 260 (9)
[0]: 261 (9)
[0]: 262 (9)
[0]: 66 (10)
[0]: 67 (10)
[0]: 68 (10)
[0]: 69 (10)
[0]: 70 (10)
[0]: 71 (10)
[0]: 72 (10)
[0]: 73 (10)
[0]: 104 (10)
[0]: 105 (10)
[0]: 106 (10)
[0]: 107 (10)
[0]: 121 (10)
[0]: 122 (10)
[0]: 124 (10)
[0]: 136 (10)
[0]: 148 (10)
[0]: 182 (10)
[0]: 185 (10)
[0]: 187 (10)
[0]: 189 (10)
[0]: 196 (10)
[0]: 199 (10)
[0]: 253 (10)
[0]: 255 (10)
[0]: 263 (10)
[0]: 264 (10)
[0]: 265 (10)
[0]: 266 (10)
[0]: 267 (10)
[0]: 268 (10)
[0]: 269 (10)
[0]: 270 (10)
[0]: 74 (11)
[0]: 75 (11)
[0]: 76 (11)
[0]: 77 (11)
[0]: 78 (11)
[0]: 79 (11)
[0]: 80 (11)
[0]: 81 (11)
[0]: 106 (11)
[0]: 107 (11)
[0]: 108 (11)
[0]: 109 (11)
[0]: 123 (11)
[0]: 125 (11)
[0]: 127 (11)
[0]: 137 (11)
[0]: 149 (11)
[0]: 184 (11)
[0]: 190 (11)
[0]: 198 (11)
[0]: 200 (11)
[0]: 202 (11)
[0]: 206 (11)
[0]: 271 (11)
[0]: 272 (11)
[0]: 273 (11)
[0]: 274 (11)
[0]: 275 (11)
[0]: 276 (11)
[0]: 277 (11)
[0]: 278 (11)
[0]: 279 (11)
[0]: 280 (11)
[0]: 82 (12)
[0]: 83 (12)
[0]: 84 (12)
[0]: 85 (12)
[0]: 86 (12)
[0]: 87 (12)
[0]: 88 (12)
[0]: 89 (12)
[0]: 108 (12)
[0]: 109 (12)
[0]: 110 (12)
[0]: 111 (12)
[0]: 129 (12)
[0]: 130 (12)
[0]: 137 (12)
[0]: 138 (12)
[0]: 150 (12)
[0]: 214 (12)
[0]: 216 (12)
[0]: 218 (12)
[0]: 220 (12)
[0]: 272 (12)
[0]: 275 (12)
[0]: 281 (12)
[0]: 282 (12)
[0]: 283 (12)
[0]: 284 (12)
[0]: 285 (12)
[0]: 286 (12)
[0]: 287 (12)
[0]: 288 (12)
[0]: 289 (12)
[0]: 290 (12)
[0]: 90 (13)
[0]: 91 (13)
[0]: 92 (13)
[0]: 93 (13)
[0]: 94 (13)
[0]: 95 (13)
[0]: 96 (13)
[0]: 97 (13)
[0]: 110 (13)
[0]: 111 (13)
[0]: 112 (13)
[0]: 113 (13)
[0]: 132 (13)
[0]: 133 (13)
[0]: 138 (13)
[0]: 139 (13)
[0]: 151 (13)
[0]: 228 (13)
[0]: 230 (13)
[0]: 232 (13)
[0]: 234 (13)
[0]: 282 (13)
[0]: 284 (13)
[0]: 291 (13)
[0]: 292 (13)
[0]: 293 (13)
[0]: 294 (13)
[0]: 295 (13)
[0]: 296 (13)
[0]: 297 (13)
[0]: 298 (13)
[0]: 299 (13)
[0]: 300 (13)
[0]: 98 (14)
[0]: 99 (14)
[0]: 112 (14)
[0]: 113 (14)
[0]: 131 (14)
[0]: 139 (14)
[0]: 226 (14)
[0]: 229 (14)
[0]: 292 (14)
[0]: 294 (14)
[0]: 301 (14)
Label 'EGADS Edge ID':
[0]: 100 (1)
[0]: 101 (1)
[0]: 114 (1)
[0]: 152 (1)
[0]: 155 (1)
[0]: 100 (4)
[0]: 103 (4)
[0]: 115 (4)
[0]: 156 (4)
[0]: 158 (4)
[0]: 102 (3)
[0]: 103 (3)
[0]: 116 (3)
[0]: 159 (3)
[0]: 161 (3)
[0]: 101 (2)
[0]: 102 (2)
[0]: 117 (2)
[0]: 154 (2)
[0]: 162 (2)
[0]: 103 (5)
[0]: 104 (5)
[0]: 118 (5)
[0]: 168 (5)
[0]: 171 (5)
[0]: 100 (7)
[0]: 105 (7)
[0]: 119 (7)
[0]: 173 (7)
[0]: 175 (7)
[0]: 104 (6)
[0]: 105 (6)
[0]: 120 (6)
[0]: 170 (6)
[0]: 176 (6)
[0]: 104 (8)
[0]: 106 (8)
[0]: 121 (8)
[0]: 182 (8)
[0]: 185 (8)
[0]: 105 (10)
[0]: 107 (10)
[0]: 122 (10)
[0]: 187 (10)
[0]: 189 (10)
[0]: 106 (9)
[0]: 107 (9)
[0]: 123 (9)
[0]: 184 (9)
[0]: 190 (9)
[0]: 106 (11)
[0]: 107 (11)
[0]: 124 (11)
[0]: 196 (11)
[0]: 199 (11)
[0]: 106 (12)
[0]: 108 (12)
[0]: 125 (12)
[0]: 200 (12)
[0]: 202 (12)
[0]: 108 (13)
[0]: 109 (13)
[0]: 126 (13)
[0]: 203 (13)
[0]: 205 (13)
[0]: 107 (14)
[0]: 109 (14)
[0]: 127 (14)
[0]: 198 (14)
[0]: 206 (14)
[0]: 110 (15)
[0]: 111 (15)
[0]: 128 (15)
[0]: 212 (15)
[0]: 215 (15)
[0]: 109 (16)
[0]: 111 (16)
[0]: 129 (16)
[0]: 216 (16)
[0]: 218 (16)
[0]: 108 (17)
[0]: 110 (17)
[0]: 130 (17)
[0]: 214 (17)
[0]: 220 (17)
[0]: 112 (18)
[0]: 113 (18)
[0]: 131 (18)
[0]: 226 (18)
[0]: 229 (18)
[0]: 111 (19)
[0]: 112 (19)
[0]: 132 (19)
[0]: 230 (19)
[0]: 232 (19)
[0]: 110 (20)
[0]: 113 (20)
[0]: 133 (20)
[0]: 228 (20)
[0]: 234 (20)
[0]: 101 (21)
[0]: 102 (21)
[0]: 134 (21)
[0]: 241 (21)
[0]: 242 (21)
[0]: 100 (22)
[0]: 103 (22)
[0]: 135 (22)
[0]: 245 (22)
[0]: 247 (22)
[0]: 104 (23)
[0]: 105 (23)
[0]: 136 (23)
[0]: 253 (23)
[0]: 255 (23)
[0]: 108 (24)
[0]: 109 (24)
[0]: 137 (24)
[0]: 272 (24)
[0]: 275 (24)
[0]: 110 (25)
[0]: 111 (25)
[0]: 138 (25)
[0]: 282 (25)
[0]: 284 (25)
[0]: 112 (26)
[0]: 113 (26)
[0]: 139 (26)
[0]: 292 (26)
[0]: 294 (26)
DM Object: DM_0x84000000_0 1 MPI processes
  type: plex
DM_0x84000000_0 in 2 dimensions:
  0-cells: 202
  1-cells: 600
  2-cells: 400
Labels:
  celltype: 3 strata with value/size (1 (600), 3 (400), 0 (202))
  depth: 3 strata with value/size (0 (202), 1 (600), 2 (400))
  EGADS Body ID: 1 strata with value/size (0 (1202))
  EGADS Face ID: 14 strata with value/size (1 (113), 2 (113), 3 (113), 4 (113), 5 (113), 6 (113), 7 (33), 8 (113), 9 (113), 10 (113), 11 (113), 12 (113), 13 (113), 14 (33))
  EGADS Edge ID: 26 strata with value/size (1 (9), 4 (9), 3 (9), 2 (9), 5 (9), 7 (9), 6 (9), 8 (9), 10 (9), 9 (9), 11 (9), 12 (9), 13 (9), 14 (9), 15 (9), 16 (9), 17 (9), 18 (9), 19 (9), 20 (9), 21 (9), 22 (9), 23 (9), 24 (9), 25 (9), 26 (9))
